---
source: crates/zweidraehte-device/tests/augment_access_levels.rs
expression: out
---
augment                  object               pid  4 levels  16 levels
Tp1Augment               Device                52  3/3       3/3
RfAugment                RFMedium               1  3/0       3/0
RfAugment                RFMedium              56  3/3       3/3
RfRetransmitterAugment   RFMedium              57  3/3       3/3
RfRetransmitterAugment   Device                74  3/3       3/3
IpAugment                IPParameter            1  3/0       3/0
IpAugment                IPParameter           51  3/3       3/3
IpAugment                IPParameter           52  3/3       3/3
IpAugment                IPParameter           54  3/0       3/0
IpAugment                IPParameter           55  3/3       3/3
IpAugment                IPParameter           56  3/0       3/0
IpAugment                IPParameter           57  3/0       3/0
IpAugment                IPParameter           58  3/0       3/0
IpAugment                IPParameter           59  3/0       3/0
IpAugment                IPParameter           60  3/3       3/3
IpAugment                IPParameter           61  3/3       3/3
IpAugment                IPParameter           62  3/3       3/3
IpAugment                IPParameter           64  3/0       3/0
IpAugment                IPParameter           65  3/0       3/0
IpAugment                IPParameter           66  3/3       3/3
IpAugment                IPParameter           67  3/3       3/3
IpAugment                IPParameter           68  3/0       3/0
IpAugment                IPParameter           76  3/3       3/3
TunnellingAugment        IPParameter           53  3/3       3/3
TunnellingAugment        IPParameter           79  3/3       3/3
IpSecureAugment          IPParameter           91  0/2       0/2
IpSecureAugment          IPParameter           92  0/2       0/2
IpSecureAugment          IPParameter           93  0/2       0/2
IpSecureAugment          IPParameter           94  3/2       3/2
IpSecureAugment          IPParameter           95  3/2       3/2
IpSecureAugment          IPParameter           96  3/2       3/2
IpSecureAugment          IPParameter           97  2/2       2/2
DiagnosticsAugment       ApplicationProgram    52  3/3       3/3
DiagnosticsAugment       GroupObjectTable      66  3/3       3/3
GroupObjectTableAugment  GroupObjectTable       1  3/0       15/0
GroupObjectTableAugment  GroupObjectTable       2  3/0       15/0
